2026-09-28T19:35:33.365+05:30  INFO 10636 --- [online-examination-system] [main] c.e.o.OnlineExaminationSystemApplication : Starting OnlineExaminationSystemApplication using Java 21.0.9 with PID 10636 (C:\Users\abhay\Documents\workspace-spring-tools-for-eclipse-4.32.2.RELEASE\online-examination-system\target\classes started by abhay in C:\Users\abhay\Documents\workspace-spring-tools-for-eclipse-4.32.2.RELEASE\online-examination-system)
2026-09-28T19:35:33.369+05:30  INFO 10636 --- [online-examination-system] [main] c.e.o.OnlineExaminationSystemApplication : No active profile set, falling back to 1 default profile: "default"
2026-09-28T19:35:34.539+05:30  INFO 10636 --- [online-examination-system] [main] .s.d.r.c.RepositoryConfigurationDelegate : Bootstrapping Spring Data JPA repositories in DEFAULT mode.
2026-09-28T19:35:34.642+05:30  INFO 10636 --- [online-examination-system] [main] .s.d.r.c.RepositoryConfigurationDelegate : Finished Spring Data repository scanning in 90 ms. Found 10 JPA repository interfaces.
2026-09-28T19:35:35.382+05:30  INFO 10636 --- [online-examination-system] [main] o.s.boot.tomcat.TomcatWebServer          : Tomcat initialized with port 9096 (http)
2026-09-28T19:35:35.403+05:30  INFO 10636 --- [online-examination-system] [main] o.apache.catalina.core.StandardService   : Starting service [Tomcat]
2026-09-28T19:35:35.403+05:30  INFO 10636 --- [online-examination-system] [main] o.apache.catalina.core.StandardEngine    : Starting Servlet engine: [Apache Tomcat/11.0.24]
2026-09-28T19:35:35.494+05:30  INFO 10636 --- [online-examination-system] [main] b.w.c.s.WebApplicationContextInitializer : Root WebApplicationContext: initialization completed in 2066 ms
2026-09-28T19:35:35.689+05:30  INFO 10636 --- [online-examination-system] [main] org.hibernate.orm.jpa                    : HHH008540: Processing PersistenceUnitInfo [name: default]
2026-09-28T19:35:35.805+05:30  INFO 10636 --- [online-examination-system] [main] org.hibernate.orm.core                   : HHH000001: Hibernate ORM core version 7.4.5.Final
2026-09-28T19:35:36.556+05:30  INFO 10636 --- [online-examination-system] [main] o.s.o.j.p.SpringPersistenceUnitInfo      : No LoadTimeWeaver setup: ignoring JPA class transformer
2026-09-28T19:35:36.610+05:30  INFO 10636 --- [online-examination-system] [main] com.zaxxer.hikari.HikariDataSource       : HikariPool-1 - Starting...
2026-09-28T19:35:36.840+05:30  INFO 10636 --- [online-examination-system] [main] com.zaxxer.hikari.pool.HikariPool        : HikariPool-1 - Added connection org.postgresql.jdbc.PgConnection@104bc677
2026-09-28T19:35:36.842+05:30  INFO 10636 --- [online-examination-system] [main] com.zaxxer.hikari.HikariDataSource       : HikariPool-1 - Start completed.
2026-09-28T19:35:36.895+05:30  WARN 10636 --- [online-examination-system] [main] org.hibernate.orm.deprecation            : HHH90000025: PostgreSQLDialect does not need to be specified explicitly using 'hibernate.dialect' (remove the property setting and it will be selected by default)
2026-09-28T19:35:36.934+05:30  INFO 10636 --- [online-examination-system] [main] org.hibernate.orm.connections.pooling    : HHH10001005: Database info:
	Database JDBC URL [jdbc:postgresql://localhost:5432/online_examination_db]
	Database driver: PostgreSQL JDBC Driver
	Database dialect: PostgreSQLDialect
	Database version: 17.9
	Default catalog/schema: online_examination_db/public
	Autocommit mode: undefined/unknown
	Isolation level: READ_COMMITTED [default READ_COMMITTED]
	JDBC fetch size: none
	Pool: DataSourceConnectionProvider
	Minimum pool size: undefined/unknown
	Maximum pool size: undefined/unknown
2026-09-28T19:35:38.581+05:30  INFO 10636 --- [online-examination-system] [main] org.hibernate.orm.core                   : HHH000489: No JTA platform available (set 'hibernate.transaction.jta.platform' to enable JTA platform integration)
2026-09-28T19:35:38.740+05:30  INFO 10636 --- [online-examination-system] [main] j.LocalContainerEntityManagerFactoryBean : Initialized JPA EntityManagerFactory for persistence unit 'default'
2026-09-28T19:35:38.824+05:30  INFO 10636 --- [online-examination-system] [main] o.s.d.j.r.query.QueryEnhancerFactories   : Hibernate is in classpath; If applicable, HQL parser will be used.
2026-09-28T19:35:39.417+05:30  WARN 10636 --- [online-examination-system] [main] JpaBaseConfiguration$JpaWebConfiguration : spring.jpa.open-in-view is enabled by default. Therefore, database queries may be performed during view rendering. Explicitly configure spring.jpa.open-in-view to disable this warning
2026-09-28T19:35:39.531+05:30  INFO 10636 --- [online-examination-system] [main] r$InitializeUserDetailsManagerConfigurer : Global AuthenticationManager configured with UserDetailsService bean with name customUserDetailsService
2026-09-28T19:35:40.298+05:30  INFO 10636 --- [online-examination-system] [main] o.s.boot.tomcat.TomcatWebServer          : Tomcat started on port 9096 (http) with context path '/'
2026-09-28T19:35:40.309+05:30  INFO 10636 --- [online-examination-system] [main] c.e.o.OnlineExaminationSystemApplication : Started OnlineExaminationSystemApplication in 7.514 seconds (process running for 8.479)
2026-09-28T19:35:40.313+05:30  WARN 10636 --- [online-examination-system] [main] o.s.core.events.SpringDocAppInitializer  : SpringDoc /v3/api-docs endpoint is enabled by default. To disable it in production, set the property 'springdoc.api-docs.enabled=false'
2026-09-28T19:35:40.313+05:30  WARN 10636 --- [online-examination-system] [main] o.s.core.events.SpringDocAppInitializer  : SpringDoc /swagger-ui.html endpoint is enabled by default. To disable it in production, set the property 'springdoc.swagger-ui.enabled=false'
2026-09-28T19:36:12.761+05:30  INFO 4112 --- [online-examination-system] [main] .OnlineExaminationSystemApplicationTests : Starting OnlineExaminationSystemApplicationTests using Java 21.0.9 with PID 4112 (started by abhay in C:\Users\abhay\Documents\workspace-spring-tools-for-eclipse-4.32.2.RELEASE\online-examination-system)
2026-09-28T19:36:12.763+05:30  INFO 4112 --- [online-examination-system] [main] .OnlineExaminationSystemApplicationTests : No active profile set, falling back to 1 default profile: "default"
2026-09-28T19:36:13.730+05:30  INFO 4112 --- [online-examination-system] [main] .s.d.r.c.RepositoryConfigurationDelegate : Bootstrapping Spring Data JPA repositories in DEFAULT mode.
2026-09-28T19:36:13.823+05:30  INFO 4112 --- [online-examination-system] [main] .s.d.r.c.RepositoryConfigurationDelegate : Finished Spring Data repository scanning in 79 ms. Found 10 JPA repository interfaces.
2026-09-28T19:36:14.565+05:30  INFO 4112 --- [online-examination-system] [main] org.hibernate.orm.jpa                    : HHH008540: Processing PersistenceUnitInfo [name: default]
2026-09-28T19:36:14.663+05:30  INFO 4112 --- [online-examination-system] [main] org.hibernate.orm.core                   : HHH000001: Hibernate ORM core version 7.4.5.Final
2026-09-28T19:36:15.327+05:30  INFO 4112 --- [online-examination-system] [main] o.s.o.j.p.SpringPersistenceUnitInfo      : No LoadTimeWeaver setup: ignoring JPA class transformer
2026-09-28T19:36:15.378+05:30  INFO 4112 --- [online-examination-system] [main] com.zaxxer.hikari.HikariDataSource       : HikariPool-1 - Starting...
2026-09-28T19:36:15.614+05:30  INFO 4112 --- [online-examination-system] [main] com.zaxxer.hikari.pool.HikariPool        : HikariPool-1 - Added connection org.postgresql.jdbc.PgConnection@5cb6abc8
2026-09-28T19:36:15.616+05:30  INFO 4112 --- [online-examination-system] [main] com.zaxxer.hikari.HikariDataSource       : HikariPool-1 - Start completed.
2026-09-28T19:36:15.669+05:30  WARN 4112 --- [online-examination-system] [main] org.hibernate.orm.deprecation            : HHH90000025: PostgreSQLDialect does not need to be specified explicitly using 'hibernate.dialect' (remove the property setting and it will be selected by default)
2026-09-28T19:36:15.699+05:30  INFO 4112 --- [online-examination-system] [main] org.hibernate.orm.connections.pooling    : HHH10001005: Database info:
	Database JDBC URL [jdbc:postgresql://localhost:5432/online_examination_db]
	Database driver: PostgreSQL JDBC Driver
	Database dialect: PostgreSQLDialect
	Database version: 17.9
	Default catalog/schema: online_examination_db/public
	Autocommit mode: undefined/unknown
	Isolation level: READ_COMMITTED [default READ_COMMITTED]
	JDBC fetch size: none
	Pool: DataSourceConnectionProvider
	Minimum pool size: undefined/unknown
	Maximum pool size: undefined/unknown
2026-09-28T19:36:17.071+05:30  INFO 4112 --- [online-examination-system] [main] org.hibernate.orm.core                   : HHH000489: No JTA platform available (set 'hibernate.transaction.jta.platform' to enable JTA platform integration)
2026-09-28T19:36:17.168+05:30  INFO 4112 --- [online-examination-system] [main] j.LocalContainerEntityManagerFactoryBean : Initialized JPA EntityManagerFactory for persistence unit 'default'
2026-09-28T19:36:17.295+05:30  INFO 4112 --- [online-examination-system] [main] o.s.d.j.r.query.QueryEnhancerFactories   : Hibernate is in classpath; If applicable, HQL parser will be used.
2026-09-28T19:36:17.810+05:30  WARN 4112 --- [online-examination-system] [main] JpaBaseConfiguration$JpaWebConfiguration : spring.jpa.open-in-view is enabled by default. Therefore, database queries may be performed during view rendering. Explicitly configure spring.jpa.open-in-view to disable this warning
2026-09-28T19:36:17.962+05:30  INFO 4112 --- [online-examination-system] [main] r$InitializeUserDetailsManagerConfigurer : Global AuthenticationManager configured with UserDetailsService bean with name customUserDetailsService
2026-09-28T19:36:18.784+05:30  INFO 4112 --- [online-examination-system] [main] .OnlineExaminationSystemApplicationTests : Started OnlineExaminationSystemApplicationTests in 6.41 seconds (process running for 7.958)
2026-09-28T19:36:18.789+05:30  WARN 4112 --- [online-examination-system] [main] o.s.core.events.SpringDocAppInitializer  : SpringDoc /v3/api-docs endpoint is enabled by default. To disable it in production, set the property 'springdoc.api-docs.enabled=false'
2026-09-28T19:36:18.789+05:30  WARN 4112 --- [online-examination-system] [main] o.s.core.events.SpringDocAppInitializer  : SpringDoc /swagger-ui.html endpoint is enabled by default. To disable it in production, set the property 'springdoc.swagger-ui.enabled=false'
2026-09-28T19:36:19.612+05:30  INFO 4112 --- [online-examination-system] [SpringApplicationShutdownHook] j.LocalContainerEntityManagerFactoryBean : Closing JPA EntityManagerFactory for persistence unit 'default'
2026-09-28T19:36:19.615+05:30  INFO 4112 --- [online-examination-system] [SpringApplicationShutdownHook] com.zaxxer.hikari.HikariDataSource       : HikariPool-1 - Shutdown initiated...
2026-09-28T19:36:19.618+05:30  INFO 4112 --- [online-examination-system] [SpringApplicationShutdownHook] com.zaxxer.hikari.HikariDataSource       : HikariPool-1 - Shutdown completed.
